<html>
<body>
<pre>
<h1>礦ision Build Log</h1>
<h2>Project:</h2>
G:\野火STM32开发板\野火STM32光盘资料 (I)\实验代码+PDF教程\野火Stm32-实验（源码+教程）\36-野火stm32-......（新增例程）\3-野火stm32-2.4G无线NRF24L01+\野火stm32-主机NRF24L01+\USER\Master_NRF24L01.uvproj
Project File Date:  02/07/2012

<h2>Output:</h2>
Build target 'Target 1'
compiling main.c...
compiling stm32f10x_it.c...
compiling SPI_NRF.c...
compiling usart1.c...
assembling startup_stm32f10x_hd.s...
compiling stm32f10x_gpio.c...
compiling stm32f10x_spi.c...
compiling stm32f10x_rcc.c...
compiling stm32f10x_usart.c...
compiling core_cm3.c...
compiling system_stm32f10x.c...
linking...
Program Size: Code=6720 RO-data=336 RW-data=76 ZI-data=1028  
FromELF: creating hex file...
"..\systick.axf" - 0 Error(s), 0 Warning(s).
